2026-08-08 18:02:46,934 - INFO - Enter the try block
2026-08-08 18:02:46,934 - INFO - Initiated data ingestion
2026-08-08 18:02:58,232 - INFO - Perform train test split on the data
2026-08-08 18:02:58,233 - INFO - Exporting training data to file: [Artifact\08_08_2026_18_02_43\ingested\train.csv]
2026-08-08 18:02:58,372 - INFO - Exported train test split
2026-08-08 18:02:58,374 - INFO - Data Ingestion Completed
2026-08-08 18:02:58,374 - INFO - Data Validation Started
2026-08-08 18:02:58,518 - INFO - Required no of columns:31
2026-08-08 18:02:58,519 - INFO - Given number of columns31
2026-08-08 18:02:58,521 - INFO - Required no of columns:31
2026-08-08 18:02:58,521 - INFO - Given number of columns31
2026-08-08 18:02:58,842 - INFO - Data drift status: True
2026-08-08 18:02:58,991 - INFO - Data Validation artifact: DataValidationArtifact(validation_status=True, valid_train_file_path='Artifact\\08_08_2026_18_02_43\\data_validation\\validation\\train.csv', valid_test_file_path='Artifact\\08_08_2026_18_02_43\\data_validation\\validation\\test.csv', invalid_test_file_path=None, invalid_train_file_path=None, drift_report_file_path='Artifact\\08_08_2026_18_02_43\\data_validation\\drift_report\\report.yml')
2026-08-08 18:02:58,992 - INFO - Data Validation Successfully completed
2026-08-08 18:02:58,992 - INFO - Data Tranfomation Started in the main.py file
2026-08-08 18:02:58,993 - INFO - Data Transformation Initiated....
2026-08-08 18:02:59,036 - INFO - Entered Data_Tranformation_Object....
2026-08-08 18:02:59,036 - INFO - Initialise KNNImputer with {'missing_values': nan, 'n_neighbors': 3, 'weights': 'uniform'}
2026-08-08 18:02:59,117 - INFO - Saving Object process Initialted.
2026-08-08 18:02:59,121 - INFO - Pickle file successfully saved.
2026-08-08 18:02:59,122 - INFO - Data Transformation Successfully ended.
2026-08-08 18:02:59,124 - INFO - Data Transformation Successfully ended from main.py file
